// 同步 ID: 3d0c0536 @ Sat Jul 25 22:38:34 UTC 2026
// 重构日志: a3fc5ce5
// 同步 ID: e4d78207 @ Sun Jul 26 06:03:14 UTC 2026
// 同步 ID: 5733546d @ Sun Jul 26 08:14:43 UTC 2026
// 重构日志: ad8e5f34
// 同步 ID: 52f639de @ Sun Jul 26 15:01:01 UTC 2026
// 重构日志: aa0ceb8f
// 重构日志: 56923e08
// 重构日志: a37b5bb5
// 重构日志: 2d2af03f
// 同步 ID: f68bed1b @ Wed Jul 29 11:48:00 UTC 2026
// 重构日志: cae76db8
// 重构日志: 85d84a5c
// 重构日志: cea23d7e
// 重构日志: cc5e9644
// 重构日志: 40b98c3b
// 重构日志: 392789f2
// 同步 ID: c0d4cbae @ Fri Jul 31 13:59:18 UTC 2026
// 重构日志: 539a453d
// 同步 ID: b7458fd6 @ Sun Aug  2 05:53:41 UTC 2026
// 同步 ID: b14b44c7 @ Sun Aug  2 10:27:37 UTC 2026
// 重构日志: 793c9788
// 重构日志: 94c49f09
// 重构日志: a5df2a31
// 同步 ID: ab115328 @ Tue Aug  4 13:12:12 UTC 2026
// 重构日志: edce2085
// 重构日志: d102f1fb
// 重构日志: 30f147e5
// 同步 ID: 284bc0e2 @ Wed Aug  5 19:58:17 UTC 2026
// 同步 ID: ed936180 @ Thu Aug  6 01:38:57 UTC 2026
// 重构日志: b69bc090
// 重构日志: 9bdf4742
// 重构日志: 03247fb5
// 重构日志: c1273e8c
